"mock_dir"
â”œâ”€â”€â”€ [32mA[0m
â”‚    â”œâ”€â”€â”€ [32mA_NESTED[0m
â”‚    â”œâ”€â”€â”€ a.rs
â”‚    â”œâ”€â”€â”€ b.rs
â”‚    â””â”€â”€â”€ c.rs
â”œâ”€â”€â”€ A.rs
â”œâ”€â”€â”€ [32mB[0m
â”‚    â”œâ”€â”€â”€ a.rs
â”‚    â”œâ”€â”€â”€ b.rs
â”‚    â””â”€â”€â”€ c.rs
â”œâ”€â”€â”€ [32mC[0m
â”‚    â”œâ”€â”€â”€ a.rs
â”‚    â”œâ”€â”€â”€ b.rs
â”‚    â””â”€â”€â”€ c.rs
â””â”€â”€â”€ [35msym_linked -> "tests/mock_dir/A/"[0m


Total directories: 4 Total files: 10

